Mesh 'DM_0x84000000_0':
Max sizes cone: 3 support: 1
orientation is missing
cap --> base:
[0]: 1 ----> 0
[0]: 2 ----> 0
[0]: 3 ----> 0
base <-- cap:
[0]: 0 <---- 1 (0)
[0]: 0 <---- 2 (0)
[0]: 0 <---- 3 (0)
coordinates with 1 fields
  field 0 with 2 components
Process 0:
  (   1) dim  2 offset   0 -1 -1
  (   2) dim  2 offset   2 1 -1
  (   3) dim  2 offset   4 -1 1
Mesh 'DM_0x84000000_0':
Max sizes cone: 3 support: 1
orientation is missing
cap --> base:
[0]: 1 ----> 0
[0]: 2 ----> 0
[0]: 3 ----> 0
base <-- cap:
[0]: 0 <---- 1 (0)
[0]: 0 <---- 2 (0)
[0]: 0 <---- 3 (0)
coordinates with 1 fields
  field 0 with 2 components
Process 0:
  (   1) dim  3 offset   0 -1 -1 0
  (   2) dim  3 offset   3 1 -1 0
  (   3) dim  3 offset   6 -1 1 0
Mesh 'DM_0x84000000_0':
Max sizes cone: 3 support: 1
orientation is missing
cap --> base:
[0]: 1 ----> 0
[0]: 2 ----> 0
[0]: 3 ----> 0
base <-- cap:
[0]: 0 <---- 1 (0)
[0]: 0 <---- 2 (0)
[0]: 0 <---- 3 (0)
coordinates with 1 fields
  field 0 with 2 components
Process 0:
  (   1) dim  3 offset   0 0 -1 -1
  (   2) dim  3 offset   3 0 1 -1
  (   3) dim  3 offset   6 0 -1 1
Mesh 'DM_0x84000000_1':
Max sizes cone: 3 support: 2
orientation is missing
cap --> base:
[0]: 1 ----> 4
[0]: 1 ----> 6
[0]: 2 ----> 4
[0]: 2 ----> 5
[0]: 3 ----> 5
[0]: 3 ----> 6
[0]: 4 ----> 0
[0]: 5 ----> 0
[0]: 6 ----> 0
base <-- cap:
[0]: 0 <---- 4 (0)
[0]: 0 <---- 5 (0)
[0]: 0 <---- 6 (0)
[0]: 4 <---- 1 (0)
[0]: 4 <---- 2 (0)
[0]: 5 <---- 2 (0)
[0]: 5 <---- 3 (0)
[0]: 6 <---- 3 (0)
[0]: 6 <---- 1 (0)
coordinates with 1 fields
  field 0 with 2 components
Process 0:
  (   1) dim  2 offset   0 -1 -1
  (   2) dim  2 offset   2 1 -1
  (   3) dim  2 offset   4 -1 1
Mesh 'DM_0x84000000_1':
Max sizes cone: 3 support: 2
orientation is missing
cap --> base:
[0]: 1 ----> 4
[0]: 1 ----> 6
[0]: 2 ----> 4
[0]: 2 ----> 5
[0]: 3 ----> 5
[0]: 3 ----> 6
[0]: 4 ----> 0
[0]: 5 ----> 0
[0]: 6 ----> 0
base <-- cap:
[0]: 0 <---- 4 (0)
[0]: 0 <---- 5 (0)
[0]: 0 <---- 6 (0)
[0]: 4 <---- 1 (0)
[0]: 4 <---- 2 (0)
[0]: 5 <---- 2 (0)
[0]: 5 <---- 3 (0)
[0]: 6 <---- 3 (0)
[0]: 6 <---- 1 (0)
coordinates with 1 fields
  field 0 with 2 components
Process 0:
  (   1) dim  3 offset   0 -1 -1 0
  (   2) dim  3 offset   3 1 -1 0
  (   3) dim  3 offset   6 -1 1 0
Mesh 'DM_0x84000000_1':
Max sizes cone: 3 support: 2
orientation is missing
cap --> base:
[0]: 1 ----> 4
[0]: 1 ----> 6
[0]: 2 ----> 4
[0]: 2 ----> 5
[0]: 3 ----> 5
[0]: 3 ----> 6
[0]: 4 ----> 0
[0]: 5 ----> 0
[0]: 6 ----> 0
base <-- cap:
[0]: 0 <---- 4 (0)
[0]: 0 <---- 5 (0)
[0]: 0 <---- 6 (0)
[0]: 4 <---- 1 (0)
[0]: 4 <---- 2 (0)
[0]: 5 <---- 2 (0)
[0]: 5 <---- 3 (0)
[0]: 6 <---- 3 (0)
[0]: 6 <---- 1 (0)
coordinates with 1 fields
  field 0 with 2 components
Process 0:
  (   1) dim  3 offset   0 0 -1 -1
  (   2) dim  3 offset   3 0 1 -1
  (   3) dim  3 offset   6 0 -1 1
